// Jest Snapshot v1, https://goo.gl/fbAQLP

exports[`FetchingFailure Component should renders correctly 1`] = `
<View
  style={
    Object {
      "alignItems": "center",
      "flex": 1,
      "flexDirection": "column",
      "justifyContent": "center",
    }
  }
>
  <Text>
    Error on fetch data
  </Text>
  <Text>
    Verify your internet connection and try gain
  </Text>
  <View
    accessible={true}
    isTVSelectable={true}
    onResponderGrant={[Function]}
    onResponderMove={[Function]}
    onResponderRelease={[Function]}
    onResponderTerminate={[Function]}
    onResponderTerminationRequest={[Function]}
    onStartShouldSetResponder={[Function]}
    style={
      Object {
        "backgroundColor": "#48BBEC",
        "padding": 10,
      }
    }
  >
    <Text
      style={null}
    >
      Retry
    </Text>
  </View>
</View>
`;
