// Jest Snapshot v1, https://goo.gl/fbAQLP

exports[`Listing Component should display list correctly 1`] = `
<RCTScrollView
  ItemSeparatorComponent={[Function]}
  ListFooterComponent={[Function]}
  data={
    Array [
      Object {
        "img_url": "https://imgs.nestimg.com/casa_300_m2_108811252799247473.jpg",
        "lister_url": "https://www.nestoria.com.br/detail/0000000108550797542396092/title/5/1-1?serpUid=&pt=1&ot=1&l=rio-de-janeiro&did=41_default&utm_source=api&utm_medium=external",
        "price_formatted": "R$ 750.000",
        "title": "Campo Grande,Rio de Janeiro,Rio De Janeiro",
      },
    ]
  }
  disableVirtualization={false}
  getItem={[Function]}
  getItemCount={[Function]}
  horizontal={false}
  initialNumToRender={10}
  keyExtractor={[Function]}
  maxToRenderPerBatch={10}
  numColumns={1}
  onContentSizeChange={[Function]}
  onEndReached={[Function]}
  onEndReachedThreshold={5}
  onLayout={[Function]}
  onMomentumScrollEnd={[Function]}
  onRefresh={[Function]}
  onScroll={[Function]}
  onScrollBeginDrag={[Function]}
  onScrollEndDrag={[Function]}
  refreshControl={
    <RefreshControlMock
      onRefresh={[Function]}
      progressViewOffset={undefined}
      refreshing={false}
    />
  }
  refreshing={false}
  renderItem={[Function]}
  scrollEventThrottle={50}
  stickyHeaderIndices={Array []}
  updateCellsBatchingPeriod={50}
  viewabilityConfigCallbackPairs={Array []}
  windowSize={21}
>
  <RCTRefreshControl />
  <View>
    <View
      onLayout={[Function]}
      style={null}
    >
      <View
        accessibilityComponentType={undefined}
        accessibilityLabel={undefined}
        accessibilityTraits={undefined}
        accessible={true}
        hasTVPreferredFocus={undefined}
        hitSlop={undefined}
        isTVSelectable={true}
        nativeID={undefined}
        onLayout={undefined}
        onResponderGrant={[Function]}
        onResponderMove={[Function]}
        onResponderRelease={[Function]}
        onResponderTerminate={[Function]}
        onResponderTerminationRequest={[Function]}
        onStartShouldSetResponder={[Function]}
        style={
          Array [
            Object {
              "backgroundColor": "transparent",
            },
            undefined,
          ]
        }
        testID={undefined}
        tvParallaxProperties={undefined}
      >
        <View>
          <View
            style={
              Object {
                "flexDirection": "row",
                "padding": 10,
              }
            }
          >
            <Image
              source={
                Object {
                  "uri": "https://imgs.nestimg.com/casa_300_m2_108811252799247473.jpg",
                }
              }
              style={
                Object {
                  "height": 80,
                  "marginRight": 10,
                  "width": 80,
                }
              }
            />
            <View
              style={
                Object {
                  "flex": 1,
                }
              }
            >
              <Text
                accessible={true}
                allowFontScaling={true}
                ellipsizeMode="tail"
                style={
                  Object {
                    "color": "#48BBEC",
                    "fontSize": 25,
                    "fontWeight": "bold",
                  }
                }
              >
                R$ 750.000
              </Text>
              <Text
                accessible={true}
                allowFontScaling={true}
                ellipsizeMode="tail"
                numberOfLines={1}
                style={
                  Object {
                    "color": "#656565",
                    "fontSize": 20,
                  }
                }
              >
                Campo Grande,Rio de Janeiro,Rio De Janeiro
              </Text>
            </View>
          </View>
        </View>
      </View>
    </View>
    <View
      onLayout={[Function]}
      style={null}
    />
  </View>
</RCTScrollView>
`;

exports[`Listing Component should display loading correctly 1`] = `
<RCTScrollView
  ItemSeparatorComponent={[Function]}
  ListFooterComponent={[Function]}
  data={
    Array [
      undefined,
      undefined,
      undefined,
      undefined,
      undefined,
      undefined,
      undefined,
      undefined,
      undefined,
      undefined,
    ]
  }
  disableVirtualization={false}
  getItem={[Function]}
  getItemCount={[Function]}
  horizontal={false}
  initialNumToRender={10}
  keyExtractor={[Function]}
  maxToRenderPerBatch={10}
  numColumns={1}
  onContentSizeChange={[Function]}
  onEndReached={[Function]}
  onEndReachedThreshold={5}
  onLayout={[Function]}
  onMomentumScrollEnd={[Function]}
  onRefresh={[Function]}
  onScroll={[Function]}
  onScrollBeginDrag={[Function]}
  onScrollEndDrag={[Function]}
  refreshControl={
    <RefreshControlMock
      onRefresh={[Function]}
      progressViewOffset={undefined}
      refreshing={false}
    />
  }
  refreshing={false}
  renderItem={[Function]}
  scrollEventThrottle={50}
  stickyHeaderIndices={Array []}
  updateCellsBatchingPeriod={50}
  viewabilityConfigCallbackPairs={Array []}
  windowSize={21}
>
  <RCTRefreshControl />
  <View>
    <View
      onLayout={[Function]}
      style={null}
    >
      <View>
        <View
          style={
            Object {
              "flexDirection": "row",
              "padding": 10,
            }
          }
        >
          <View
            style={
              Array [
                Object {
                  "height": 15,
                  "width": 200,
                },
                Object {
                  "overflow": "hidden",
                },
                Object {
                  "height": 80,
                  "marginRight": 10,
                  "width": 80,
                },
              ]
            }
          >
            <View
              style={
                Object {
                  "backgroundColor": "#ebebeb",
                  "flex": 1,
                }
              }
            >
              <View
                collapsable={undefined}
                style={
                  Object {
                    "flex": 1,
                    "transform": Array [
                      Object {
                        "translateX": -200,
                      },
                    ],
                  }
                }
              >
                <BVLinearGradient
                  colors={
                    Array [
                      4293651435,
                      4291151301,
                      4293651435,
                    ]
                  }
                  endPoint={
                    Object {
                      "x": 2,
                      "y": 0.5,
                    }
                  }
                  locations={
                    Array [
                      0.3,
                      0.5,
                      0.7,
                    ]
                  }
                  startPoint={
                    Object {
                      "x": -1,
                      "y": 0.5,
                    }
                  }
                  style={
                    Object {
                      "flex": 1,
                    }
                  }
                />
              </View>
              <View
                style={
                  Object {
                    "height": 0,
                    "width": 0,
                  }
                }
              />
            </View>
          </View>
          <View
            style={
              Array [
                Object {
                  "height": 15,
                  "width": 200,
                },
                Object {
                  "overflow": "hidden",
                },
                Object {
                  "flex": 1,
                  "height": 80,
                  "marginRight": 10,
                },
              ]
            }
          >
            <View
              style={
                Object {
                  "backgroundColor": "#ebebeb",
                  "flex": 1,
                }
              }
            >
              <View
                collapsable={undefined}
                style={
                  Object {
                    "flex": 1,
                    "transform": Array [
                      Object {
                        "translateX": -200,
                      },
                    ],
                  }
                }
              >
                <BVLinearGradient
                  colors={
                    Array [
                      4293651435,
                      4291151301,
                      4293651435,
                    ]
                  }
                  endPoint={
                    Object {
                      "x": 2,
                      "y": 0.5,
                    }
                  }
                  locations={
                    Array [
                      0.3,
                      0.5,
                      0.7,
                    ]
                  }
                  startPoint={
                    Object {
                      "x": -1,
                      "y": 0.5,
                    }
                  }
                  style={
                    Object {
                      "flex": 1,
                    }
                  }
                />
              </View>
              <View
                style={
                  Object {
                    "height": 0,
                    "width": 0,
                  }
                }
              />
            </View>
          </View>
        </View>
      </View>
      <View
        style={
          Object {
            "backgroundColor": "#dddddd",
            "height": 1,
          }
        }
      />
    </View>
    <View
      onLayout={[Function]}
      style={null}
    >
      <View>
        <View
          style={
            Object {
              "flexDirection": "row",
              "padding": 10,
            }
          }
        >
          <View
            style={
              Array [
                Object {
                  "height": 15,
                  "width": 200,
                },
                Object {
                  "overflow": "hidden",
                },
                Object {
                  "height": 80,
                  "marginRight": 10,
                  "width": 80,
                },
              ]
            }
          >
            <View
              style={
                Object {
                  "backgroundColor": "#ebebeb",
                  "flex": 1,
                }
              }
            >
              <View
                collapsable={undefined}
                style={
                  Object {
                    "flex": 1,
                    "transform": Array [
                      Object {
                        "translateX": -200,
                      },
                    ],
                  }
                }
              >
                <BVLinearGradient
                  colors={
                    Array [
                      4293651435,
                      4291151301,
                      4293651435,
                    ]
                  }
                  endPoint={
                    Object {
                      "x": 2,
                      "y": 0.5,
                    }
                  }
                  locations={
                    Array [
                      0.3,
                      0.5,
                      0.7,
                    ]
                  }
                  startPoint={
                    Object {
                      "x": -1,
                      "y": 0.5,
                    }
                  }
                  style={
                    Object {
                      "flex": 1,
                    }
                  }
                />
              </View>
              <View
                style={
                  Object {
                    "height": 0,
                    "width": 0,
                  }
                }
              />
            </View>
          </View>
          <View
            style={
              Array [
                Object {
                  "height": 15,
                  "width": 200,
                },
                Object {
                  "overflow": "hidden",
                },
                Object {
                  "flex": 1,
                  "height": 80,
                  "marginRight": 10,
                },
              ]
            }
          >
            <View
              style={
                Object {
                  "backgroundColor": "#ebebeb",
                  "flex": 1,
                }
              }
            >
              <View
                collapsable={undefined}
                style={
                  Object {
                    "flex": 1,
                    "transform": Array [
                      Object {
                        "translateX": -200,
                      },
                    ],
                  }
                }
              >
                <BVLinearGradient
                  colors={
                    Array [
                      4293651435,
                      4291151301,
                      4293651435,
                    ]
                  }
                  endPoint={
                    Object {
                      "x": 2,
                      "y": 0.5,
                    }
                  }
                  locations={
                    Array [
                      0.3,
                      0.5,
                      0.7,
                    ]
                  }
                  startPoint={
                    Object {
                      "x": -1,
                      "y": 0.5,
                    }
                  }
                  style={
                    Object {
                      "flex": 1,
                    }
                  }
                />
              </View>
              <View
                style={
                  Object {
                    "height": 0,
                    "width": 0,
                  }
                }
              />
            </View>
          </View>
        </View>
      </View>
      <View
        style={
          Object {
            "backgroundColor": "#dddddd",
            "height": 1,
          }
        }
      />
    </View>
    <View
      onLayout={[Function]}
      style={null}
    >
      <View>
        <View
          style={
            Object {
              "flexDirection": "row",
              "padding": 10,
            }
          }
        >
          <View
            style={
              Array [
                Object {
                  "height": 15,
                  "width": 200,
                },
                Object {
                  "overflow": "hidden",
                },
                Object {
                  "height": 80,
                  "marginRight": 10,
                  "width": 80,
                },
              ]
            }
          >
            <View
              style={
                Object {
                  "backgroundColor": "#ebebeb",
                  "flex": 1,
                }
              }
            >
              <View
                collapsable={undefined}
                style={
                  Object {
                    "flex": 1,
                    "transform": Array [
                      Object {
                        "translateX": -200,
                      },
                    ],
                  }
                }
              >
                <BVLinearGradient
                  colors={
                    Array [
                      4293651435,
                      4291151301,
                      4293651435,
                    ]
                  }
                  endPoint={
                    Object {
                      "x": 2,
                      "y": 0.5,
                    }
                  }
                  locations={
                    Array [
                      0.3,
                      0.5,
                      0.7,
                    ]
                  }
                  startPoint={
                    Object {
                      "x": -1,
                      "y": 0.5,
                    }
                  }
                  style={
                    Object {
                      "flex": 1,
                    }
                  }
                />
              </View>
              <View
                style={
                  Object {
                    "height": 0,
                    "width": 0,
                  }
                }
              />
            </View>
          </View>
          <View
            style={
              Array [
                Object {
                  "height": 15,
                  "width": 200,
                },
                Object {
                  "overflow": "hidden",
                },
                Object {
                  "flex": 1,
                  "height": 80,
                  "marginRight": 10,
                },
              ]
            }
          >
            <View
              style={
                Object {
                  "backgroundColor": "#ebebeb",
                  "flex": 1,
                }
              }
            >
              <View
                collapsable={undefined}
                style={
                  Object {
                    "flex": 1,
                    "transform": Array [
                      Object {
                        "translateX": -200,
                      },
                    ],
                  }
                }
              >
                <BVLinearGradient
                  colors={
                    Array [
                      4293651435,
                      4291151301,
                      4293651435,
                    ]
                  }
                  endPoint={
                    Object {
                      "x": 2,
                      "y": 0.5,
                    }
                  }
                  locations={
                    Array [
                      0.3,
                      0.5,
                      0.7,
                    ]
                  }
                  startPoint={
                    Object {
                      "x": -1,
                      "y": 0.5,
                    }
                  }
                  style={
                    Object {
                      "flex": 1,
                    }
                  }
                />
              </View>
              <View
                style={
                  Object {
                    "height": 0,
                    "width": 0,
                  }
                }
              />
            </View>
          </View>
        </View>
      </View>
      <View
        style={
          Object {
            "backgroundColor": "#dddddd",
            "height": 1,
          }
        }
      />
    </View>
    <View
      onLayout={[Function]}
      style={null}
    >
      <View>
        <View
          style={
            Object {
              "flexDirection": "row",
              "padding": 10,
            }
          }
        >
          <View
            style={
              Array [
                Object {
                  "height": 15,
                  "width": 200,
                },
                Object {
                  "overflow": "hidden",
                },
                Object {
                  "height": 80,
                  "marginRight": 10,
                  "width": 80,
                },
              ]
            }
          >
            <View
              style={
                Object {
                  "backgroundColor": "#ebebeb",
                  "flex": 1,
                }
              }
            >
              <View
                collapsable={undefined}
                style={
                  Object {
                    "flex": 1,
                    "transform": Array [
                      Object {
                        "translateX": -200,
                      },
                    ],
                  }
                }
              >
                <BVLinearGradient
                  colors={
                    Array [
                      4293651435,
                      4291151301,
                      4293651435,
                    ]
                  }
                  endPoint={
                    Object {
                      "x": 2,
                      "y": 0.5,
                    }
                  }
                  locations={
                    Array [
                      0.3,
                      0.5,
                      0.7,
                    ]
                  }
                  startPoint={
                    Object {
                      "x": -1,
                      "y": 0.5,
                    }
                  }
                  style={
                    Object {
                      "flex": 1,
                    }
                  }
                />
              </View>
              <View
                style={
                  Object {
                    "height": 0,
                    "width": 0,
                  }
                }
              />
            </View>
          </View>
          <View
            style={
              Array [
                Object {
                  "height": 15,
                  "width": 200,
                },
                Object {
                  "overflow": "hidden",
                },
                Object {
                  "flex": 1,
                  "height": 80,
                  "marginRight": 10,
                },
              ]
            }
          >
            <View
              style={
                Object {
                  "backgroundColor": "#ebebeb",
                  "flex": 1,
                }
              }
            >
              <View
                collapsable={undefined}
                style={
                  Object {
                    "flex": 1,
                    "transform": Array [
                      Object {
                        "translateX": -200,
                      },
                    ],
                  }
                }
              >
                <BVLinearGradient
                  colors={
                    Array [
                      4293651435,
                      4291151301,
                      4293651435,
                    ]
                  }
                  endPoint={
                    Object {
                      "x": 2,
                      "y": 0.5,
                    }
                  }
                  locations={
                    Array [
                      0.3,
                      0.5,
                      0.7,
                    ]
                  }
                  startPoint={
                    Object {
                      "x": -1,
                      "y": 0.5,
                    }
                  }
                  style={
                    Object {
                      "flex": 1,
                    }
                  }
                />
              </View>
              <View
                style={
                  Object {
                    "height": 0,
                    "width": 0,
                  }
                }
              />
            </View>
          </View>
        </View>
      </View>
      <View
        style={
          Object {
            "backgroundColor": "#dddddd",
            "height": 1,
          }
        }
      />
    </View>
    <View
      onLayout={[Function]}
      style={null}
    >
      <View>
        <View
          style={
            Object {
              "flexDirection": "row",
              "padding": 10,
            }
          }
        >
          <View
            style={
              Array [
                Object {
                  "height": 15,
                  "width": 200,
                },
                Object {
                  "overflow": "hidden",
                },
                Object {
                  "height": 80,
                  "marginRight": 10,
                  "width": 80,
                },
              ]
            }
          >
            <View
              style={
                Object {
                  "backgroundColor": "#ebebeb",
                  "flex": 1,
                }
              }
            >
              <View
                collapsable={undefined}
                style={
                  Object {
                    "flex": 1,
                    "transform": Array [
                      Object {
                        "translateX": -200,
                      },
                    ],
                  }
                }
              >
                <BVLinearGradient
                  colors={
                    Array [
                      4293651435,
                      4291151301,
                      4293651435,
                    ]
                  }
                  endPoint={
                    Object {
                      "x": 2,
                      "y": 0.5,
                    }
                  }
                  locations={
                    Array [
                      0.3,
                      0.5,
                      0.7,
                    ]
                  }
                  startPoint={
                    Object {
                      "x": -1,
                      "y": 0.5,
                    }
                  }
                  style={
                    Object {
                      "flex": 1,
                    }
                  }
                />
              </View>
              <View
                style={
                  Object {
                    "height": 0,
                    "width": 0,
                  }
                }
              />
            </View>
          </View>
          <View
            style={
              Array [
                Object {
                  "height": 15,
                  "width": 200,
                },
                Object {
                  "overflow": "hidden",
                },
                Object {
                  "flex": 1,
                  "height": 80,
                  "marginRight": 10,
                },
              ]
            }
          >
            <View
              style={
                Object {
                  "backgroundColor": "#ebebeb",
                  "flex": 1,
                }
              }
            >
              <View
                collapsable={undefined}
                style={
                  Object {
                    "flex": 1,
                    "transform": Array [
                      Object {
                        "translateX": -200,
                      },
                    ],
                  }
                }
              >
                <BVLinearGradient
                  colors={
                    Array [
                      4293651435,
                      4291151301,
                      4293651435,
                    ]
                  }
                  endPoint={
                    Object {
                      "x": 2,
                      "y": 0.5,
                    }
                  }
                  locations={
                    Array [
                      0.3,
                      0.5,
                      0.7,
                    ]
                  }
                  startPoint={
                    Object {
                      "x": -1,
                      "y": 0.5,
                    }
                  }
                  style={
                    Object {
                      "flex": 1,
                    }
                  }
                />
              </View>
              <View
                style={
                  Object {
                    "height": 0,
                    "width": 0,
                  }
                }
              />
            </View>
          </View>
        </View>
      </View>
      <View
        style={
          Object {
            "backgroundColor": "#dddddd",
            "height": 1,
          }
        }
      />
    </View>
    <View
      onLayout={[Function]}
      style={null}
    >
      <View>
        <View
          style={
            Object {
              "flexDirection": "row",
              "padding": 10,
            }
          }
        >
          <View
            style={
              Array [
                Object {
                  "height": 15,
                  "width": 200,
                },
                Object {
                  "overflow": "hidden",
                },
                Object {
                  "height": 80,
                  "marginRight": 10,
                  "width": 80,
                },
              ]
            }
          >
            <View
              style={
                Object {
                  "backgroundColor": "#ebebeb",
                  "flex": 1,
                }
              }
            >
              <View
                collapsable={undefined}
                style={
                  Object {
                    "flex": 1,
                    "transform": Array [
                      Object {
                        "translateX": -200,
                      },
                    ],
                  }
                }
              >
                <BVLinearGradient
                  colors={
                    Array [
                      4293651435,
                      4291151301,
                      4293651435,
                    ]
                  }
                  endPoint={
                    Object {
                      "x": 2,
                      "y": 0.5,
                    }
                  }
                  locations={
                    Array [
                      0.3,
                      0.5,
                      0.7,
                    ]
                  }
                  startPoint={
                    Object {
                      "x": -1,
                      "y": 0.5,
                    }
                  }
                  style={
                    Object {
                      "flex": 1,
                    }
                  }
                />
              </View>
              <View
                style={
                  Object {
                    "height": 0,
                    "width": 0,
                  }
                }
              />
            </View>
          </View>
          <View
            style={
              Array [
                Object {
                  "height": 15,
                  "width": 200,
                },
                Object {
                  "overflow": "hidden",
                },
                Object {
                  "flex": 1,
                  "height": 80,
                  "marginRight": 10,
                },
              ]
            }
          >
            <View
              style={
                Object {
                  "backgroundColor": "#ebebeb",
                  "flex": 1,
                }
              }
            >
              <View
                collapsable={undefined}
                style={
                  Object {
                    "flex": 1,
                    "transform": Array [
                      Object {
                        "translateX": -200,
                      },
                    ],
                  }
                }
              >
                <BVLinearGradient
                  colors={
                    Array [
                      4293651435,
                      4291151301,
                      4293651435,
                    ]
                  }
                  endPoint={
                    Object {
                      "x": 2,
                      "y": 0.5,
                    }
                  }
                  locations={
                    Array [
                      0.3,
                      0.5,
                      0.7,
                    ]
                  }
                  startPoint={
                    Object {
                      "x": -1,
                      "y": 0.5,
                    }
                  }
                  style={
                    Object {
                      "flex": 1,
                    }
                  }
                />
              </View>
              <View
                style={
                  Object {
                    "height": 0,
                    "width": 0,
                  }
                }
              />
            </View>
          </View>
        </View>
      </View>
      <View
        style={
          Object {
            "backgroundColor": "#dddddd",
            "height": 1,
          }
        }
      />
    </View>
    <View
      onLayout={[Function]}
      style={null}
    >
      <View>
        <View
          style={
            Object {
              "flexDirection": "row",
              "padding": 10,
            }
          }
        >
          <View
            style={
              Array [
                Object {
                  "height": 15,
                  "width": 200,
                },
                Object {
                  "overflow": "hidden",
                },
                Object {
                  "height": 80,
                  "marginRight": 10,
                  "width": 80,
                },
              ]
            }
          >
            <View
              style={
                Object {
                  "backgroundColor": "#ebebeb",
                  "flex": 1,
                }
              }
            >
              <View
                collapsable={undefined}
                style={
                  Object {
                    "flex": 1,
                    "transform": Array [
                      Object {
                        "translateX": -200,
                      },
                    ],
                  }
                }
              >
                <BVLinearGradient
                  colors={
                    Array [
                      4293651435,
                      4291151301,
                      4293651435,
                    ]
                  }
                  endPoint={
                    Object {
                      "x": 2,
                      "y": 0.5,
                    }
                  }
                  locations={
                    Array [
                      0.3,
                      0.5,
                      0.7,
                    ]
                  }
                  startPoint={
                    Object {
                      "x": -1,
                      "y": 0.5,
                    }
                  }
                  style={
                    Object {
                      "flex": 1,
                    }
                  }
                />
              </View>
              <View
                style={
                  Object {
                    "height": 0,
                    "width": 0,
                  }
                }
              />
            </View>
          </View>
          <View
            style={
              Array [
                Object {
                  "height": 15,
                  "width": 200,
                },
                Object {
                  "overflow": "hidden",
                },
                Object {
                  "flex": 1,
                  "height": 80,
                  "marginRight": 10,
                },
              ]
            }
          >
            <View
              style={
                Object {
                  "backgroundColor": "#ebebeb",
                  "flex": 1,
                }
              }
            >
              <View
                collapsable={undefined}
                style={
                  Object {
                    "flex": 1,
                    "transform": Array [
                      Object {
                        "translateX": -200,
                      },
                    ],
                  }
                }
              >
                <BVLinearGradient
                  colors={
                    Array [
                      4293651435,
                      4291151301,
                      4293651435,
                    ]
                  }
                  endPoint={
                    Object {
                      "x": 2,
                      "y": 0.5,
                    }
                  }
                  locations={
                    Array [
                      0.3,
                      0.5,
                      0.7,
                    ]
                  }
                  startPoint={
                    Object {
                      "x": -1,
                      "y": 0.5,
                    }
                  }
                  style={
                    Object {
                      "flex": 1,
                    }
                  }
                />
              </View>
              <View
                style={
                  Object {
                    "height": 0,
                    "width": 0,
                  }
                }
              />
            </View>
          </View>
        </View>
      </View>
      <View
        style={
          Object {
            "backgroundColor": "#dddddd",
            "height": 1,
          }
        }
      />
    </View>
    <View
      onLayout={[Function]}
      style={null}
    >
      <View>
        <View
          style={
            Object {
              "flexDirection": "row",
              "padding": 10,
            }
          }
        >
          <View
            style={
              Array [
                Object {
                  "height": 15,
                  "width": 200,
                },
                Object {
                  "overflow": "hidden",
                },
                Object {
                  "height": 80,
                  "marginRight": 10,
                  "width": 80,
                },
              ]
            }
          >
            <View
              style={
                Object {
                  "backgroundColor": "#ebebeb",
                  "flex": 1,
                }
              }
            >
              <View
                collapsable={undefined}
                style={
                  Object {
                    "flex": 1,
                    "transform": Array [
                      Object {
                        "translateX": -200,
                      },
                    ],
                  }
                }
              >
                <BVLinearGradient
                  colors={
                    Array [
                      4293651435,
                      4291151301,
                      4293651435,
                    ]
                  }
                  endPoint={
                    Object {
                      "x": 2,
                      "y": 0.5,
                    }
                  }
                  locations={
                    Array [
                      0.3,
                      0.5,
                      0.7,
                    ]
                  }
                  startPoint={
                    Object {
                      "x": -1,
                      "y": 0.5,
                    }
                  }
                  style={
                    Object {
                      "flex": 1,
                    }
                  }
                />
              </View>
              <View
                style={
                  Object {
                    "height": 0,
                    "width": 0,
                  }
                }
              />
            </View>
          </View>
          <View
            style={
              Array [
                Object {
                  "height": 15,
                  "width": 200,
                },
                Object {
                  "overflow": "hidden",
                },
                Object {
                  "flex": 1,
                  "height": 80,
                  "marginRight": 10,
                },
              ]
            }
          >
            <View
              style={
                Object {
                  "backgroundColor": "#ebebeb",
                  "flex": 1,
                }
              }
            >
              <View
                collapsable={undefined}
                style={
                  Object {
                    "flex": 1,
                    "transform": Array [
                      Object {
                        "translateX": -200,
                      },
                    ],
                  }
                }
              >
                <BVLinearGradient
                  colors={
                    Array [
                      4293651435,
                      4291151301,
                      4293651435,
                    ]
                  }
                  endPoint={
                    Object {
                      "x": 2,
                      "y": 0.5,
                    }
                  }
                  locations={
                    Array [
                      0.3,
                      0.5,
                      0.7,
                    ]
                  }
                  startPoint={
                    Object {
                      "x": -1,
                      "y": 0.5,
                    }
                  }
                  style={
                    Object {
                      "flex": 1,
                    }
                  }
                />
              </View>
              <View
                style={
                  Object {
                    "height": 0,
                    "width": 0,
                  }
                }
              />
            </View>
          </View>
        </View>
      </View>
      <View
        style={
          Object {
            "backgroundColor": "#dddddd",
            "height": 1,
          }
        }
      />
    </View>
    <View
      onLayout={[Function]}
      style={null}
    >
      <View>
        <View
          style={
            Object {
              "flexDirection": "row",
              "padding": 10,
            }
          }
        >
          <View
            style={
              Array [
                Object {
                  "height": 15,
                  "width": 200,
                },
                Object {
                  "overflow": "hidden",
                },
                Object {
                  "height": 80,
                  "marginRight": 10,
                  "width": 80,
                },
              ]
            }
          >
            <View
              style={
                Object {
                  "backgroundColor": "#ebebeb",
                  "flex": 1,
                }
              }
            >
              <View
                collapsable={undefined}
                style={
                  Object {
                    "flex": 1,
                    "transform": Array [
                      Object {
                        "translateX": -200,
                      },
                    ],
                  }
                }
              >
                <BVLinearGradient
                  colors={
                    Array [
                      4293651435,
                      4291151301,
                      4293651435,
                    ]
                  }
                  endPoint={
                    Object {
                      "x": 2,
                      "y": 0.5,
                    }
                  }
                  locations={
                    Array [
                      0.3,
                      0.5,
                      0.7,
                    ]
                  }
                  startPoint={
                    Object {
                      "x": -1,
                      "y": 0.5,
                    }
                  }
                  style={
                    Object {
                      "flex": 1,
                    }
                  }
                />
              </View>
              <View
                style={
                  Object {
                    "height": 0,
                    "width": 0,
                  }
                }
              />
            </View>
          </View>
          <View
            style={
              Array [
                Object {
                  "height": 15,
                  "width": 200,
                },
                Object {
                  "overflow": "hidden",
                },
                Object {
                  "flex": 1,
                  "height": 80,
                  "marginRight": 10,
                },
              ]
            }
          >
            <View
              style={
                Object {
                  "backgroundColor": "#ebebeb",
                  "flex": 1,
                }
              }
            >
              <View
                collapsable={undefined}
                style={
                  Object {
                    "flex": 1,
                    "transform": Array [
                      Object {
                        "translateX": -200,
                      },
                    ],
                  }
                }
              >
                <BVLinearGradient
                  colors={
                    Array [
                      4293651435,
                      4291151301,
                      4293651435,
                    ]
                  }
                  endPoint={
                    Object {
                      "x": 2,
                      "y": 0.5,
                    }
                  }
                  locations={
                    Array [
                      0.3,
                      0.5,
                      0.7,
                    ]
                  }
                  startPoint={
                    Object {
                      "x": -1,
                      "y": 0.5,
                    }
                  }
                  style={
                    Object {
                      "flex": 1,
                    }
                  }
                />
              </View>
              <View
                style={
                  Object {
                    "height": 0,
                    "width": 0,
                  }
                }
              />
            </View>
          </View>
        </View>
      </View>
      <View
        style={
          Object {
            "backgroundColor": "#dddddd",
            "height": 1,
          }
        }
      />
    </View>
    <View
      onLayout={[Function]}
      style={null}
    >
      <View>
        <View
          style={
            Object {
              "flexDirection": "row",
              "padding": 10,
            }
          }
        >
          <View
            style={
              Array [
                Object {
                  "height": 15,
                  "width": 200,
                },
                Object {
                  "overflow": "hidden",
                },
                Object {
                  "height": 80,
                  "marginRight": 10,
                  "width": 80,
                },
              ]
            }
          >
            <View
              style={
                Object {
                  "backgroundColor": "#ebebeb",
                  "flex": 1,
                }
              }
            >
              <View
                collapsable={undefined}
                style={
                  Object {
                    "flex": 1,
                    "transform": Array [
                      Object {
                        "translateX": -200,
                      },
                    ],
                  }
                }
              >
                <BVLinearGradient
                  colors={
                    Array [
                      4293651435,
                      4291151301,
                      4293651435,
                    ]
                  }
                  endPoint={
                    Object {
                      "x": 2,
                      "y": 0.5,
                    }
                  }
                  locations={
                    Array [
                      0.3,
                      0.5,
                      0.7,
                    ]
                  }
                  startPoint={
                    Object {
                      "x": -1,
                      "y": 0.5,
                    }
                  }
                  style={
                    Object {
                      "flex": 1,
                    }
                  }
                />
              </View>
              <View
                style={
                  Object {
                    "height": 0,
                    "width": 0,
                  }
                }
              />
            </View>
          </View>
          <View
            style={
              Array [
                Object {
                  "height": 15,
                  "width": 200,
                },
                Object {
                  "overflow": "hidden",
                },
                Object {
                  "flex": 1,
                  "height": 80,
                  "marginRight": 10,
                },
              ]
            }
          >
            <View
              style={
                Object {
                  "backgroundColor": "#ebebeb",
                  "flex": 1,
                }
              }
            >
              <View
                collapsable={undefined}
                style={
                  Object {
                    "flex": 1,
                    "transform": Array [
                      Object {
                        "translateX": -200,
                      },
                    ],
                  }
                }
              >
                <BVLinearGradient
                  colors={
                    Array [
                      4293651435,
                      4291151301,
                      4293651435,
                    ]
                  }
                  endPoint={
                    Object {
                      "x": 2,
                      "y": 0.5,
                    }
                  }
                  locations={
                    Array [
                      0.3,
                      0.5,
                      0.7,
                    ]
                  }
                  startPoint={
                    Object {
                      "x": -1,
                      "y": 0.5,
                    }
                  }
                  style={
                    Object {
                      "flex": 1,
                    }
                  }
                />
              </View>
              <View
                style={
                  Object {
                    "height": 0,
                    "width": 0,
                  }
                }
              />
            </View>
          </View>
        </View>
      </View>
    </View>
    <View
      onLayout={[Function]}
      style={null}
    />
  </View>
</RCTScrollView>
`;

exports[`Listing Component should display loading more correctly 1`] = `
<RCTScrollView
  ItemSeparatorComponent={[Function]}
  ListFooterComponent={[Function]}
  data={
    Array [
      Object {
        "img_url": "https://imgs.nestimg.com/casa_300_m2_108811252799247473.jpg",
        "lister_url": "https://www.nestoria.com.br/detail/0000000108550797542396092/title/5/1-1?serpUid=&pt=1&ot=1&l=rio-de-janeiro&did=41_default&utm_source=api&utm_medium=external",
        "price_formatted": "R$ 750.000",
        "title": "Campo Grande,Rio de Janeiro,Rio De Janeiro",
      },
    ]
  }
  disableVirtualization={false}
  getItem={[Function]}
  getItemCount={[Function]}
  horizontal={false}
  initialNumToRender={10}
  keyExtractor={[Function]}
  maxToRenderPerBatch={10}
  numColumns={1}
  onContentSizeChange={[Function]}
  onEndReached={[Function]}
  onEndReachedThreshold={5}
  onLayout={[Function]}
  onMomentumScrollEnd={[Function]}
  onRefresh={[Function]}
  onScroll={[Function]}
  onScrollBeginDrag={[Function]}
  onScrollEndDrag={[Function]}
  refreshControl={
    <RefreshControlMock
      onRefresh={[Function]}
      progressViewOffset={undefined}
      refreshing={true}
    />
  }
  refreshing={true}
  renderItem={[Function]}
  scrollEventThrottle={50}
  stickyHeaderIndices={Array []}
  updateCellsBatchingPeriod={50}
  viewabilityConfigCallbackPairs={Array []}
  windowSize={21}
>
  <RCTRefreshControl />
  <View>
    <View
      onLayout={[Function]}
      style={null}
    >
      <View
        accessibilityComponentType={undefined}
        accessibilityLabel={undefined}
        accessibilityTraits={undefined}
        accessible={true}
        hasTVPreferredFocus={undefined}
        hitSlop={undefined}
        isTVSelectable={true}
        nativeID={undefined}
        onLayout={undefined}
        onResponderGrant={[Function]}
        onResponderMove={[Function]}
        onResponderRelease={[Function]}
        onResponderTerminate={[Function]}
        onResponderTerminationRequest={[Function]}
        onStartShouldSetResponder={[Function]}
        style={
          Array [
            Object {
              "backgroundColor": "transparent",
            },
            undefined,
          ]
        }
        testID={undefined}
        tvParallaxProperties={undefined}
      >
        <View>
          <View
            style={
              Object {
                "flexDirection": "row",
                "padding": 10,
              }
            }
          >
            <Image
              source={
                Object {
                  "uri": "https://imgs.nestimg.com/casa_300_m2_108811252799247473.jpg",
                }
              }
              style={
                Object {
                  "height": 80,
                  "marginRight": 10,
                  "width": 80,
                }
              }
            />
            <View
              style={
                Object {
                  "flex": 1,
                }
              }
            >
              <Text
                accessible={true}
                allowFontScaling={true}
                ellipsizeMode="tail"
                style={
                  Object {
                    "color": "#48BBEC",
                    "fontSize": 25,
                    "fontWeight": "bold",
                  }
                }
              >
                R$ 750.000
              </Text>
              <Text
                accessible={true}
                allowFontScaling={true}
                ellipsizeMode="tail"
                numberOfLines={1}
                style={
                  Object {
                    "color": "#656565",
                    "fontSize": 20,
                  }
                }
              >
                Campo Grande,Rio de Janeiro,Rio De Janeiro
              </Text>
            </View>
          </View>
        </View>
      </View>
    </View>
    <View
      onLayout={[Function]}
      style={null}
    >
      <View
        style={
          Object {
            "borderColor": "#CED0CE",
            "borderTopWidth": 1,
            "paddingVertical": 20,
          }
        }
      >
        <ActivityIndicator
          animating={true}
          color="#999999"
          hidesWhenStopped={true}
          size="large"
        />
      </View>
    </View>
  </View>
</RCTScrollView>
`;

exports[`Listing Component should display refresh correctly 1`] = `
<RCTScrollView
  ItemSeparatorComponent={[Function]}
  ListFooterComponent={[Function]}
  data={
    Array [
      Object {
        "img_url": "https://imgs.nestimg.com/casa_300_m2_108811252799247473.jpg",
        "lister_url": "https://www.nestoria.com.br/detail/0000000108550797542396092/title/5/1-1?serpUid=&pt=1&ot=1&l=rio-de-janeiro&did=41_default&utm_source=api&utm_medium=external",
        "price_formatted": "R$ 750.000",
        "title": "Campo Grande,Rio de Janeiro,Rio De Janeiro",
      },
    ]
  }
  disableVirtualization={false}
  getItem={[Function]}
  getItemCount={[Function]}
  horizontal={false}
  initialNumToRender={10}
  keyExtractor={[Function]}
  maxToRenderPerBatch={10}
  numColumns={1}
  onContentSizeChange={[Function]}
  onEndReached={[Function]}
  onEndReachedThreshold={5}
  onLayout={[Function]}
  onMomentumScrollEnd={[Function]}
  onRefresh={[Function]}
  onScroll={[Function]}
  onScrollBeginDrag={[Function]}
  onScrollEndDrag={[Function]}
  refreshControl={
    <RefreshControlMock
      onRefresh={[Function]}
      progressViewOffset={undefined}
      refreshing={true}
    />
  }
  refreshing={true}
  renderItem={[Function]}
  scrollEventThrottle={50}
  stickyHeaderIndices={Array []}
  updateCellsBatchingPeriod={50}
  viewabilityConfigCallbackPairs={Array []}
  windowSize={21}
>
  <RCTRefreshControl />
  <View>
    <View
      onLayout={[Function]}
      style={null}
    >
      <View
        accessibilityComponentType={undefined}
        accessibilityLabel={undefined}
        accessibilityTraits={undefined}
        accessible={true}
        hasTVPreferredFocus={undefined}
        hitSlop={undefined}
        isTVSelectable={true}
        nativeID={undefined}
        onLayout={undefined}
        onResponderGrant={[Function]}
        onResponderMove={[Function]}
        onResponderRelease={[Function]}
        onResponderTerminate={[Function]}
        onResponderTerminationRequest={[Function]}
        onStartShouldSetResponder={[Function]}
        style={
          Array [
            Object {
              "backgroundColor": "transparent",
            },
            undefined,
          ]
        }
        testID={undefined}
        tvParallaxProperties={undefined}
      >
        <View>
          <View
            style={
              Object {
                "flexDirection": "row",
                "padding": 10,
              }
            }
          >
            <Image
              source={
                Object {
                  "uri": "https://imgs.nestimg.com/casa_300_m2_108811252799247473.jpg",
                }
              }
              style={
                Object {
                  "height": 80,
                  "marginRight": 10,
                  "width": 80,
                }
              }
            />
            <View
              style={
                Object {
                  "flex": 1,
                }
              }
            >
              <Text
                accessible={true}
                allowFontScaling={true}
                ellipsizeMode="tail"
                style={
                  Object {
                    "color": "#48BBEC",
                    "fontSize": 25,
                    "fontWeight": "bold",
                  }
                }
              >
                R$ 750.000
              </Text>
              <Text
                accessible={true}
                allowFontScaling={true}
                ellipsizeMode="tail"
                numberOfLines={1}
                style={
                  Object {
                    "color": "#656565",
                    "fontSize": 20,
                  }
                }
              >
                Campo Grande,Rio de Janeiro,Rio De Janeiro
              </Text>
            </View>
          </View>
        </View>
      </View>
    </View>
    <View
      onLayout={[Function]}
      style={null}
    />
  </View>
</RCTScrollView>
`;
