// Jest Snapshot v1, https://goo.gl/fbAQLP

exports[`Listing Component should render render correctly 1`] = `
<RCTScrollView
  dataSource={
    ListViewDataSource {
      "items": 1,
    }
  }
  renderRow={[Function]}
  renderScrollComponent={[Function]}
>
  <View>
    <View
      accessibilityComponentType={undefined}
      accessibilityLabel={undefined}
      accessibilityTraits={undefined}
      accessible={true}
      hasTVPreferredFocus={undefined}
      hitSlop={undefined}
      isTVSelectable={true}
      nativeID={undefined}
      onLayout={undefined}
      onResponderGrant={[Function]}
      onResponderMove={[Function]}
      onResponderRelease={[Function]}
      onResponderTerminate={[Function]}
      onResponderTerminationRequest={[Function]}
      onStartShouldSetResponder={[Function]}
      style={
        Array [
          Object {
            "backgroundColor": "transparent",
          },
          undefined,
        ]
      }
      testID={undefined}
      tvParallaxProperties={undefined}
    >
      <View>
        <View
          style={
            Object {
              "flexDirection": "row",
              "padding": 10,
            }
          }
        >
          <Image
            source={
              Object {
                "uri": "https://imgs.nestimg.com/casa_300_m2_108811252799247473.jpg",
              }
            }
            style={
              Object {
                "height": 80,
                "marginRight": 10,
                "width": 80,
              }
            }
          />
          <View
            style={
              Object {
                "flex": 1,
              }
            }
          >
            <Text
              accessible={true}
              allowFontScaling={true}
              ellipsizeMode="tail"
              style={
                Object {
                  "color": "#48BBEC",
                  "fontSize": 25,
                  "fontWeight": "bold",
                }
              }
            >
              R$ 750.000
            </Text>
            <Text
              accessible={true}
              allowFontScaling={true}
              ellipsizeMode="tail"
              numberOfLines={1}
              style={
                Object {
                  "color": "#656565",
                  "fontSize": 20,
                }
              }
            >
              Campo Grande,Rio de Janeiro,Rio De Janeiro
            </Text>
          </View>
        </View>
        <View
          style={
            Object {
              "backgroundColor": "#dddddd",
              "height": 1,
            }
          }
        />
      </View>
    </View>
  </View>
</RCTScrollView>
`;
